<?xml version="1.0" encoding="UTF-8"?><mappingRoot xmlns="http://www.ibm.com/2008/ccl/Mapping" domainID="com.ibm.msl.mapping.xml" domainIDExtension="mb" mainMap="true" targetNamespace="default" version="8.0.5.0" xmlns:map="default">
    <inlinedXMLSchema><![CDATA[<?xml version="1.0" encoding="UTF-8"?><xsd:schema xmlns:xsd="http://www.w3.org/2001/XMLSchema">  
    <xsd:element name="mensaje" type="xsd:string"/>  
    <xsd:element name="celular" type="xsd:string"/>  
</xsd:schema>]]></inlinedXMLSchema>
    <input path="jar:file://!com/ibm/etools/mft/map/xsds/assembly/Environment.xsd" var="var2"/>
    <input path="jar:file://!com/ibm/etools/mft/map/xsds/predefined/SOAPDomainMsg.xsd" var="var3"/>
    <input path="/EnvioNotificacion.xsd" var="var"/>
    <input inlinedXMLSchema="true" path="../schema_0.xsd" var="var1"/>
    <input inlinedXMLSchema="true" path="../schema_0.xsd" var="var4"/>
    <output path="jar:file://!com/ibm/etools/mft/map/xsds/assembly/Environment.xsd" var="var5"/>
    <output path="jar:file://!com/ibm/etools/mft/map/xsds/predefined/SOAPDomainMsg.xsd" var="var6"/>
    <namespaces>
        <namespace kind="supplement" prefix="io" uri="http://tempuri.org/"/>
    </namespaces>
    <generation engine="xquery"/>
    <mappingDeclaration name="CA_ACH_RealizarTransferencia001_REQ_Mapping1">
        <input path="$var2/mb:env(Environment)" var="Environment">
            <cast castType="userDefined" path="$Environment/Variables/any" qualifier="celular" ref="var1" var="any"/>
            <cast castType="userDefined" path="$Environment/Variables/any" qualifier="mensaje" ref="var1" var="any1"/>
        </input>
        <input path="$var3/mb:msg(SOAP_Domain_Msg,assembly,SOAP,Properties)" var="ComIbmMessageAssembly_SOAP_Domain_Msg"/>
        <output path="$var5/mb:env(Environment)" var="Environment1">
            <cast castType="userDefined" path="$Environment1/Variables/any" qualifier="celular" ref="var1" var="any2"/>
            <cast castType="userDefined" path="$Environment1/Variables/any" qualifier="mensaje" ref="var1" var="any3"/>
        </output>
        <output path="$var6/mb:msg(SOAP_Domain_Msg,assembly,SOAP,Properties)" var="ComIbmMessageAssembly_SOAP_Domain_Msg1">
            <cast path="$ComIbmMessageAssembly_SOAP_Domain_Msg1/SOAP_Domain_Msg/Body/any" qualifier="{http://tempuri.org/}EnvioSMS" ref="var" var="any4"/>
        </output>
        <passthrough>
            <input path="$Environment/."/>
            <output path="$Environment1/."/>
            <updates/>
        </passthrough>
        <assign value="1">
            <output path="$ComIbmMessageAssembly_SOAP_Domain_Msg1/SOAP_Domain_Msg/Body/EnvioSMS/idServicio"/>
        </assign>
        <assign value="12">
            <output path="$ComIbmMessageAssembly_SOAP_Domain_Msg1/SOAP_Domain_Msg/Body/EnvioSMS/canal"/>
        </assign>
        <move>
            <input path="$Environment/Variables/celular[1]"/>
            <output path="$ComIbmMessageAssembly_SOAP_Domain_Msg1/SOAP_Domain_Msg/Body/EnvioSMS/telefono"/>
        </move>
        <move>
            <input path="$Environment/Variables/mensaje[1]"/>
            <output path="$ComIbmMessageAssembly_SOAP_Domain_Msg1/SOAP_Domain_Msg/Body/EnvioSMS/contenido"/>
        </move>
    </mappingDeclaration>
</mappingRoot>